<area shape="rect" title="Procedures for the program workflow." alt="" coords="5,80,80,107">
<area shape="rect" title="Procedures for the program workflow." alt="" coords="243,304,307,331">
<area shape="rect" title="Procedures for the program workflow." alt="" coords="155,229,205,256">
<area shape="rect" href="$cone_8h.html" title="Procedures for the program workflow." alt="" coords="217,80,284,107">
<area shape="rect" href="$particle_8h.html" title="Base class for the different geometries." alt="" coords="627,229,712,256">
<area shape="rect" href="$cylinder_8h.html" title="Procedures for the program workflow." alt="" coords="308,80,396,107">
<area shape="rect" href="$twoplates_8h.html" title="Procedures for the program workflow." alt="" coords="420,80,519,107">
<area shape="rect" href="$geometry_8h.html" title="Pure conical geometry." alt="" coords="365,155,464,181">
<area shape="rect" title="Base class for the different geometries." alt="" coords="545,304,625,331">
<area shape="rect" title="Base class for the different geometries." alt="" coords="539,229,603,256">
<area shape="rect" href="$element_8h.html" title="Base class for the different geometries." alt="" coords="229,229,320,256">
<area shape="rect" href="$node_8h.html" title="Base class for the different geometries." alt="" coords="344,229,413,256">
